port 443: open
port 80: open
port 7621: closed
port 7620: closed
port 7622: closed
port 7623: closed
port 7624: closed
port 7625: closed
port 7626: closed
port 7627: closed
port 7628: closed
port 7629: closed
port 7630: closed
port 8080: open
port 9092: closed
port 3000: closed
port 5432: closed
port 6379: closed
